../Core/Src/stm32f4xx_it.c:97:6:NMI_Handler	4	static
../Core/Src/stm32f4xx_it.c:112:6:HardFault_Handler	4	static
../Core/Src/stm32f4xx_it.c:127:6:MemManage_Handler	4	static
../Core/Src/stm32f4xx_it.c:142:6:BusFault_Handler	4	static
../Core/Src/stm32f4xx_it.c:157:6:UsageFault_Handler	4	static
../Core/Src/stm32f4xx_it.c:172:6:SVC_Handler	4	static
../Core/Src/stm32f4xx_it.c:185:6:DebugMon_Handler	4	static
../Core/Src/stm32f4xx_it.c:198:6:PendSV_Handler	4	static
../Core/Src/stm32f4xx_it.c:211:6:SysTick_Handler	8	static
../Core/Src/stm32f4xx_it.c:232:6:ADC_IRQHandler	8	static
../Core/Src/stm32f4xx_it.c:247:6:TIM3_IRQHandler	16	static
../Core/Src/stm32f4xx_it.c:266:6:USART2_IRQHandler	24	static
